src/contexts/AuthContext.tsx(3,32): error TS6133: 'getUserById' is declared but its value is never read.
src/lib/notifications.ts(165,13): error TS6133: 'data' is declared but its value is never read.
